'QIKVRT.VRTCore.epistemicKindExhaustive' depends on axioms: [propext]
'QIKVRT.VRTCore.formalAndEmpiricalAreDistinct' does not depend on any axioms
'QIKVRT.VRTCore.interpretiveAndUnresolvedAreDistinct' does not depend on any axioms
'QIKVRT.VRTCore.observedSequenceHasNoBridge' does not depend on any axioms
'QIKVRT.VRTCore.bridgedRelationHasBridge' does not depend on any axioms
'QIKVRT.VRTCore.observedSequenceAloneIsNotCausality' does not depend on any axioms
'QIKVRT.VRTCore.bridgedRelationIsStructurallyLicensed' does not depend on any axioms
'QIKVRT.VRTCore.causalLicenseRequiresBridge' does not depend on any axioms
'QIKVRT.VRTCore.successfulReceiptIsTechnicallySuccessful' does not depend on any axioms
'QIKVRT.VRTCore.withheldAuthorizationIsFalse' does not depend on any axioms
'QIKVRT.VRTCore.grantedAuthorizationIsTrue' does not depend on any axioms
'QIKVRT.VRTCore.withheldAuthorizationBlocksAnyReceipt' depends on axioms: [propext]
'QIKVRT.VRTCore.successfulReceiptStillBlockedWithoutAuthority' depends on axioms: [propext]
'QIKVRT.VRTCore.memAppendLeft' depends on axioms: [propext]
'QIKVRT.VRTCore.mergePreserves' depends on axioms: [propext]
'QIKVRT.VRTCore.extendsRefl' does not depend on any axioms
'QIKVRT.VRTCore.extendsTrans' does not depend on any axioms
'QIKVRT.VRTCore.seedMaterializes' does not depend on any axioms
'QIKVRT.VRTCore.recursiveStepPreserves' depends on axioms: [propext]
'QIKVRT.VRTCore.suppliedStableMinkowskiWitnessIsAdmissible' does not depend on any axioms
'QIKVRT.VRTCore.missingMinkowskiWitnessIsRejected' does not depend on any axioms
