MAKE_TEST_EXIT=0
--- LAST 500 LINES ---
test_invalid_exact_head_status_fails_closed (tests.test_qikvrt_pr_head_recovery.PrHeadRecoveryClassifierTests.test_invalid_exact_head_status_fails_closed) ... ok
test_invalid_job_count_fails_closed (tests.test_qikvrt_pr_head_recovery.PrHeadRecoveryClassifierTests.test_invalid_job_count_fails_closed) ... ok
test_latest_run_per_workflow_supersedes_stale_success (tests.test_qikvrt_pr_head_recovery.PrHeadRecoveryClassifierTests.test_latest_run_per_workflow_supersedes_stale_success) ... ok
test_newer_success_supersedes_stale_action_required (tests.test_qikvrt_pr_head_recovery.PrHeadRecoveryClassifierTests.test_newer_success_supersedes_stale_action_required) ... ok
test_pending_exact_head_verification_holds_without_duplicate_dispatch (tests.test_qikvrt_pr_head_recovery.PrHeadRecoveryClassifierTests.test_pending_exact_head_verification_holds_without_duplicate_dispatch) ... ok
test_success_does_not_mask_a_different_stalled_workflow (tests.test_qikvrt_pr_head_recovery.PrHeadRecoveryClassifierTests.test_success_does_not_mask_a_different_stalled_workflow) ... ok
test_terminal_success_is_noop (tests.test_qikvrt_pr_head_recovery.PrHeadRecoveryClassifierTests.test_terminal_success_is_noop) ... ok
test_trusted_exact_head_success_closes_recovery_loop (tests.test_qikvrt_pr_head_recovery.PrHeadRecoveryClassifierTests.test_trusted_exact_head_success_closes_recovery_loop) ... ok
test_zero_job_action_required_reobserves (tests.test_qikvrt_pr_head_recovery.PrHeadRecoveryClassifierTests.test_zero_job_action_required_reobserves) ... ok
test_approval_requires_platform_freshness_rules (tests.test_qikvrt_native_account_review.NativeAccountReviewTests.test_approval_requires_platform_freshness_rules) ... ok
test_base_head_tree_and_role_locality_drift_are_blocked (tests.test_qikvrt_native_account_review.NativeAccountReviewTests.test_base_head_tree_and_role_locality_drift_are_blocked) ... ok
test_comment_event_refreshes_a_live_requested_approval (tests.test_qikvrt_native_account_review.NativeAccountReviewTests.test_comment_event_refreshes_a_live_requested_approval) ... ok
test_comment_with_blocker_supersedes_old_delegated_approval (tests.test_qikvrt_native_account_review.NativeAccountReviewTests.test_comment_with_blocker_supersedes_old_delegated_approval) ... ok
test_completed_workflow_run_refreshes_a_live_requested_approval (tests.test_qikvrt_native_account_review.NativeAccountReviewTests.test_completed_workflow_run_refreshes_a_live_requested_approval) ... ok
test_exact_followup_projects_a_current_blocker_for_a_live_request (tests.test_qikvrt_native_account_review.NativeAccountReviewTests.test_exact_followup_projects_a_current_blocker_for_a_live_request) ... ok
test_exact_removed_request_retracts_a_stale_delegated_approval (tests.test_qikvrt_native_account_review.NativeAccountReviewTests.test_exact_removed_request_retracts_a_stale_delegated_approval) ... ok
test_goldkelch_author_selects_ingolf_counterpart (tests.test_qikvrt_native_account_review.NativeAccountReviewTests.test_goldkelch_author_selects_ingolf_counterpart) ... ok
test_identical_marked_review_is_idempotent (tests.test_qikvrt_native_account_review.NativeAccountReviewTests.test_identical_marked_review_is_idempotent) ... ok
test_ingolf_author_selects_goldkelch_with_exact_approval (tests.test_qikvrt_native_account_review.NativeAccountReviewTests.test_ingolf_author_selects_goldkelch_with_exact_approval) ... ok
test_later_manual_decisive_review_beats_a_higher_review_id (tests.test_qikvrt_native_account_review.NativeAccountReviewTests.test_later_manual_decisive_review_beats_a_higher_review_id) ... ok
test_manual_target_review_is_preserved (tests.test_qikvrt_native_account_review.NativeAccountReviewTests.test_manual_target_review_is_preserved) ... ok
test_marked_comment_does_not_mask_the_last_decisive_delegated_approval (tests.test_qikvrt_native_account_review.NativeAccountReviewTests.test_marked_comment_does_not_mask_the_last_decisive_delegated_approval) ... ok
test_no_secret_field_is_emitted_in_plan (tests.test_qikvrt_native_account_review.NativeAccountReviewTests.test_no_secret_field_is_emitted_in_plan) ... ok
test_plan_seal_rejects_mutation (tests.test_qikvrt_native_account_review.NativeAccountReviewTests.test_plan_seal_rejects_mutation) ... ok
test_projection_requires_exact_requested_review_event (tests.test_qikvrt_native_account_review.NativeAccountReviewTests.test_projection_requires_exact_requested_review_event) ... ok
test_readback_requires_exact_platform_identity_event_and_binding (tests.test_qikvrt_native_account_review.NativeAccountReviewTests.test_readback_requires_exact_platform_identity_event_and_binding) ... ok
test_request_changes_can_be_projected_without_approval_rule (tests.test_qikvrt_native_account_review.NativeAccountReviewTests.test_request_changes_can_be_projected_without_approval_rule) ... ok
test_requested_target_must_match_counterpart (tests.test_qikvrt_native_account_review.NativeAccountReviewTests.test_requested_target_must_match_counterpart) ... ok
test_revoked_delegation_is_terminal_no_effect (tests.test_qikvrt_native_account_review.NativeAccountReviewTests.test_revoked_delegation_is_terminal_no_effect) ... ok
test_same_fingerprint_dismissal_is_idempotent_and_not_overridden (tests.test_qikvrt_native_account_review.NativeAccountReviewTests.test_same_fingerprint_dismissal_is_idempotent_and_not_overridden) ... ok
test_signer_preflight_preserves_manual_review_and_drift (tests.test_qikvrt_native_account_review.NativeAccountReviewTests.test_signer_preflight_preserves_manual_review_and_drift) ... ok
test_signer_preflight_requires_exact_user_permission_and_counterpart (tests.test_qikvrt_native_account_review.NativeAccountReviewTests.test_signer_preflight_requires_exact_user_permission_and_counterpart) ... ok
test_signer_rechecks_delegation_rule_and_causal_reobservation (tests.test_qikvrt_native_account_review.NativeAccountReviewTests.test_signer_rechecks_delegation_rule_and_causal_reobservation) ... ok
test_stale_negative_projection_stops_for_new_manual_decisive_review (tests.test_qikvrt_native_account_review.NativeAccountReviewTests.test_stale_negative_projection_stops_for_new_manual_decisive_review) ... ok
test_transport_and_reobservation_must_both_be_exact (tests.test_qikvrt_native_account_review.NativeAccountReviewTests.test_transport_and_reobservation_must_both_be_exact) ... ok
test_trusted_exact_followup_closes_a_live_request (tests.test_qikvrt_native_account_review.NativeAccountReviewTests.test_trusted_exact_followup_closes_a_live_request) ... ok
test_trusted_exact_followup_requires_counterpart_to_remain_requested (tests.test_qikvrt_native_account_review.NativeAccountReviewTests.test_trusted_exact_followup_requires_counterpart_to_remain_requested) ... ok
test_unconfigured_author_is_fail_closed (tests.test_qikvrt_native_account_review.NativeAccountReviewTests.test_unconfigured_author_is_fail_closed) ... ok
test_wait_never_creates_native_account_effect (tests.test_qikvrt_native_account_review.NativeAccountReviewTests.test_wait_never_creates_native_account_effect) ... ok
test_wait_retracts_only_a_stale_delegated_same_head_approval (tests.test_qikvrt_native_account_review.NativeAccountReviewTests.test_wait_retracts_only_a_stale_delegated_same_head_approval) ... ok
test_workflow_keeps_technical_executor_secret_free_and_signers_separate (tests.test_qikvrt_native_account_review.NativeAccountReviewTests.test_workflow_keeps_technical_executor_secret_free_and_signers_separate) ... ok
test_wrong_original_request_target_is_not_rescued_by_live_set (tests.test_qikvrt_native_account_review.NativeAccountReviewTests.test_wrong_original_request_target_is_not_rescued_by_live_set) ... ok
test_acceptance_is_transactional_and_counts_validation_failure (tests.test_seed_workflows.SeedWorkflowTests.test_acceptance_is_transactional_and_counts_validation_failure) ... ok
test_acceptance_writes_valid_bound_evidence_and_ledger (tests.test_seed_workflows.SeedWorkflowTests.test_acceptance_writes_valid_bound_evidence_and_ledger) ... ok
test_corrupt_ledger_blocks_before_registry_mutation (tests.test_seed_workflows.SeedWorkflowTests.test_corrupt_ledger_blocks_before_registry_mutation) ... ok
test_dashboard_and_audit_require_current_pass_revalidation (tests.test_seed_workflows.SeedWorkflowTests.test_dashboard_and_audit_require_current_pass_revalidation) ... ok
test_dashboard_build_binds_every_main_push_to_exact_head_artifact (tests.test_seed_workflows.SeedWorkflowTests.test_dashboard_build_binds_every_main_push_to_exact_head_artifact) ... ok
test_dashboard_continue_is_not_mislabelled_as_current_dashboard_evidence (tests.test_seed_workflows.SeedWorkflowTests.test_dashboard_continue_is_not_mislabelled_as_current_dashboard_evidence) ... ok
test_duplicate_json_keys_and_non_object_documents_are_rejected (tests.test_seed_workflows.SeedWorkflowTests.test_duplicate_json_keys_and_non_object_documents_are_rejected) ... ok
test_future_queue_node_requires_exact_workflow_executor_continuity_receipt (tests.test_seed_workflows.SeedWorkflowTests.test_future_queue_node_requires_exact_workflow_executor_continuity_receipt) ... ok
test_future_queue_node_without_continuity_declaration_is_blocked (tests.test_seed_workflows.SeedWorkflowTests.test_future_queue_node_without_continuity_declaration_is_blocked) ... ok
test_local_registry_symlink_is_rejected (tests.test_seed_workflows.SeedWorkflowTests.test_local_registry_symlink_is_rejected) ... ok
test_maintenance_uses_ttl_and_revalidates_remote_identity (tests.test_seed_workflows.SeedWorkflowTests.test_maintenance_uses_ttl_and_revalidates_remote_identity) ... ok
test_missing_ack_is_visible_and_never_reported_as_pass (tests.test_seed_workflows.SeedWorkflowTests.test_missing_ack_is_visible_and_never_reported_as_pass) ... ok
test_request_url_is_bound_to_declared_repository (tests.test_seed_workflows.SeedWorkflowTests.test_request_url_is_bound_to_declared_repository) ... ok
test_revalidation_detects_counter_tampering (tests.test_seed_workflows.SeedWorkflowTests.test_revalidation_detects_counter_tampering) ... ok
test_seed_workflows_are_pinned_read_only_and_do_not_push (tests.test_seed_workflows.SeedWorkflowTests.test_seed_workflows_are_pinned_read_only_and_do_not_push) ... ok
test_tsv_requires_exact_columns_explicit_policy_and_unique_guid (tests.test_seed_workflows.SeedWorkflowTests.test_tsv_requires_exact_columns_explicit_policy_and_unique_guid) ... ok

----------------------------------------------------------------------
Ran 91 tests in 0.283s

OK
PYTHONDONTWRITEBYTECODE=1 PYTHONNOUSERSITE=1 python3 -B tools/qikvrt_workflow_executor.py snapshot --expect-head "$(git rev-parse --verify HEAD^{commit})" --json >/dev/null
PYTHONDONTWRITEBYTECODE=1 PYTHONNOUSERSITE=1 python3 -B -m unittest -v tests.test_qikvrt_materialization_scope tests.test_qikvrt_repository_writer_lease tests.test_qikvrt_required_review_gate tests.test_qikvrt_ruleset_reconcile tests.test_qikvrt_repository_native_watch_workflow tests.issue_agent.test_validate
test_batch003_writer_is_not_triggered_or_persisted_by_unrelated_prs (tests.test_qikvrt_materialization_scope.MaterializationScopeTests.test_batch003_writer_is_not_triggered_or_persisted_by_unrelated_prs) ... ok
test_control_or_unsafe_path_fails_safe_to_full_materialization (tests.test_qikvrt_materialization_scope.MaterializationScopeTests.test_control_or_unsafe_path_fails_safe_to_full_materialization) ... ok
test_each_domain_is_triggered_only_by_its_causal_inputs (tests.test_qikvrt_materialization_scope.MaterializationScopeTests.test_each_domain_is_triggered_only_by_its_causal_inputs) ... ok
test_explicit_full_mode_preserves_manual_and_ambiguous_recovery (tests.test_qikvrt_materialization_scope.MaterializationScopeTests.test_explicit_full_mode_preserves_manual_and_ambiguous_recovery) ... ok
test_integrity_and_complete_gates_remain_unconditional (tests.test_qikvrt_materialization_scope.MaterializationScopeTests.test_integrity_and_complete_gates_remain_unconditional) ... ok
test_unrelated_internal_repair_skips_all_expensive_optional_generators (tests.test_qikvrt_materialization_scope.MaterializationScopeTests.test_unrelated_internal_repair_skips_all_expensive_optional_generators) ... ok
test_workflow_binds_scope_before_expensive_generators (tests.test_qikvrt_materialization_scope.MaterializationScopeTests.test_workflow_binds_scope_before_expensive_generators) ... ok
test_materializer_binds_version_and_rejects_foreign_subject (tests.test_qikvrt_materialization_scope.UniversalTerminalPersistenceTests.test_materializer_binds_version_and_rejects_foreign_subject) ... ok
test_protected_main_stays_unchanged_and_replay_recovers_pr (tests.test_qikvrt_materialization_scope.UniversalTerminalPersistenceTests.test_protected_main_stays_unchanged_and_replay_recovers_pr) ... ok
test_subject_check_rejects_checkout_race (tests.test_qikvrt_materialization_scope.UniversalTerminalPersistenceTests.test_subject_check_rejects_checkout_race) ... ok
test_subject_check_rejects_stale_event_and_gates_every_effect (tests.test_qikvrt_materialization_scope.UniversalTerminalPersistenceTests.test_subject_check_rejects_stale_event_and_gates_every_effect) ... ok
test_batch003_has_pre_and_post_commit_drift_guards (tests.test_qikvrt_repository_writer_lease.RepositoryWriterLeaseTests.test_batch003_has_pre_and_post_commit_drift_guards) ... ok
test_batch003_separates_read_only_pr_run_from_non_pr_writer_lease (tests.test_qikvrt_repository_writer_lease.RepositoryWriterLeaseTests.test_batch003_separates_read_only_pr_run_from_non_pr_writer_lease) ... ok
test_issue_writer_shares_nonpreemptive_branch_lease (tests.test_qikvrt_repository_writer_lease.RepositoryWriterLeaseTests.test_issue_writer_shares_nonpreemptive_branch_lease) ... ok
test_repository_materializer_keeps_exact_target_writer_lease (tests.test_qikvrt_repository_writer_lease.RepositoryWriterLeaseTests.test_repository_materializer_keeps_exact_target_writer_lease) ... ok
test_zero_bug_writer_inventory_includes_issue_producer (tests.test_qikvrt_repository_writer_lease.RepositoryWriterLeaseTests.test_zero_bug_writer_inventory_includes_issue_producer) ... ok
test_bot_review_context_cannot_suppress_code_owner_status (tests.test_qikvrt_required_review_gate.RequiredCodeOwnerReviewGateTests.test_bot_review_context_cannot_suppress_code_owner_status) ... ok
test_current_head_changes_requested_supersedes_prior_approval (tests.test_qikvrt_required_review_gate.RequiredCodeOwnerReviewGateTests.test_current_head_changes_requested_supersedes_prior_approval) ... ok
test_exact_head_approval_passes (tests.test_qikvrt_required_review_gate.RequiredCodeOwnerReviewGateTests.test_exact_head_approval_passes) ... ok
test_goldkelch_author_requires_ingolf_counterpart (tests.test_qikvrt_required_review_gate.RequiredCodeOwnerReviewGateTests.test_goldkelch_author_requires_ingolf_counterpart) ... ok
test_ingolf_author_requires_goldkelch_counterpart (tests.test_qikvrt_required_review_gate.RequiredCodeOwnerReviewGateTests.test_ingolf_author_requires_goldkelch_counterpart) ... ok
test_latest_matching_status_controls_publication (tests.test_qikvrt_required_review_gate.RequiredCodeOwnerReviewGateTests.test_latest_matching_status_controls_publication) ... ok
test_material_gate_transition_requires_status_write (tests.test_qikvrt_required_review_gate.RequiredCodeOwnerReviewGateTests.test_material_gate_transition_requires_status_write) ... ok
test_native_rule_must_enforce_all_freshness_requirements (tests.test_qikvrt_required_review_gate.RequiredCodeOwnerReviewGateTests.test_native_rule_must_enforce_all_freshness_requirements) ... ok
test_native_rule_must_require_the_review_gate_status (tests.test_qikvrt_required_review_gate.RequiredCodeOwnerReviewGateTests.test_native_rule_must_require_the_review_gate_status) ... ok
test_no_review_is_pending_not_approval (tests.test_qikvrt_required_review_gate.RequiredCodeOwnerReviewGateTests.test_no_review_is_pending_not_approval) ... ok
test_nondecisive_comment_does_not_supersede_current_approval (tests.test_qikvrt_required_review_gate.RequiredCodeOwnerReviewGateTests.test_nondecisive_comment_does_not_supersede_current_approval) ... ok
test_pr_author_cannot_satisfy_independent_gate (tests.test_qikvrt_required_review_gate.RequiredCodeOwnerReviewGateTests.test_pr_author_cannot_satisfy_independent_gate) ... ok
test_target_selection_requires_one_exact_event_or_dispatch_subject (tests.test_qikvrt_required_review_gate.RequiredCodeOwnerReviewGateTests.test_target_selection_requires_one_exact_event_or_dispatch_subject) ... ok
test_unchanged_head_context_state_is_noop_even_when_run_url_changed (tests.test_qikvrt_required_review_gate.RequiredCodeOwnerReviewGateTests.test_unchanged_head_context_state_is_noop_even_when_run_url_changed) ... ok
test_workflow_run_pr_head_is_required_and_fail_closed (tests.test_qikvrt_required_review_gate.RequiredCodeOwnerReviewGateTests.test_workflow_run_pr_head_is_required_and_fail_closed) ... ok
test_workflow_run_uses_associated_pr_head_not_trusted_main_head (tests.test_qikvrt_required_review_gate.RequiredCodeOwnerReviewGateTests.test_workflow_run_uses_associated_pr_head_not_trusted_main_head) ... ok
test_workflow_uses_distinct_idempotent_code_owner_context (tests.test_qikvrt_required_review_gate.RequiredCodeOwnerReviewGateTests.test_workflow_uses_distinct_idempotent_code_owner_context) ... ok
test_api_failure_remains_in_the_declared_upload_directory (tests.test_qikvrt_ruleset_reconcile.RulesetReconcileTests.test_api_failure_remains_in_the_declared_upload_directory) ... ok
test_api_requests_use_the_ruleset_admin_token (tests.test_qikvrt_ruleset_reconcile.RulesetReconcileTests.test_api_requests_use_the_ruleset_admin_token) ... ok
test_exact_desired_state_is_idempotent (tests.test_qikvrt_ruleset_reconcile.RulesetReconcileTests.test_exact_desired_state_is_idempotent) ... ok
test_live_weak_review_rule_is_detected (tests.test_qikvrt_ruleset_reconcile.RulesetReconcileTests.test_live_weak_review_rule_is_detected) ... ok
test_missing_required_review_status_is_detected (tests.test_qikvrt_ruleset_reconcile.RulesetReconcileTests.test_missing_required_review_status_is_detected) ... ok
test_owner_authorization_is_exact_ruleset_policy_bound (tests.test_qikvrt_ruleset_reconcile.RulesetReconcileTests.test_owner_authorization_is_exact_ruleset_policy_bound) ... ok
test_reconciler_is_repository_global_and_owner_pr_independent (tests.test_qikvrt_ruleset_reconcile.RulesetReconcileTests.test_reconciler_is_repository_global_and_owner_pr_independent) ... ok
test_reconciler_workflow_keeps_admin_token_separate (tests.test_qikvrt_ruleset_reconcile.RulesetReconcileTests.test_reconciler_workflow_keeps_admin_token_separate) ... ok
test_ruleset_failure_is_not_encoded_as_hold (tests.test_qikvrt_ruleset_reconcile.RulesetReconcileTests.test_ruleset_failure_is_not_encoded_as_hold) ... ok
test_wrong_ruleset_identity_fails_closed (tests.test_qikvrt_ruleset_reconcile.RulesetReconcileTests.test_wrong_ruleset_identity_fails_closed) ... ok
test_exact_subject_binding_is_fail_closed (tests.test_qikvrt_repository_native_watch_workflow.RepositoryNativeWatchWorkflowTests.test_exact_subject_binding_is_fail_closed) ... ok
test_predecessor_and_effect_boundaries_are_explicit (tests.test_qikvrt_repository_native_watch_workflow.RepositoryNativeWatchWorkflowTests.test_predecessor_and_effect_boundaries_are_explicit) ... ok
test_repository_native_triggers_are_persistent (tests.test_qikvrt_repository_native_watch_workflow.RepositoryNativeWatchWorkflowTests.test_repository_native_triggers_are_persistent) ... ok
test_transition_identity_excludes_observation_time (tests.test_qikvrt_repository_native_watch_workflow.RepositoryNativeWatchWorkflowTests.test_transition_identity_excludes_observation_time) ... ok
test_trigger_receipt_is_freshly_read_back (tests.test_qikvrt_repository_native_watch_workflow.RepositoryNativeWatchWorkflowTests.test_trigger_receipt_is_freshly_read_back) ... ok
test_watch_never_executes_candidate_code (tests.test_qikvrt_repository_native_watch_workflow.RepositoryNativeWatchWorkflowTests.test_watch_never_executes_candidate_code) ... ok
test_automatic_merge_is_rejected (tests.issue_agent.test_validate.ValidateIssueAgentBundleTest.test_automatic_merge_is_rejected) ... ok
test_backlog_resume_is_explicit_not_time_driven (tests.issue_agent.test_validate.ValidateIssueAgentBundleTest.test_backlog_resume_is_explicit_not_time_driven) ... ok
test_blocked_disposition_is_persisted_without_model_inference (tests.issue_agent.test_validate.ValidateIssueAgentBundleTest.test_blocked_disposition_is_persisted_without_model_inference) ... ok
test_closure_disposition_may_use_none_next_action (tests.issue_agent.test_validate.ValidateIssueAgentBundleTest.test_closure_disposition_may_use_none_next_action) ... ok
test_execute_now_remains_nonterminal_after_validation (tests.issue_agent.test_validate.ValidateIssueAgentBundleTest.test_execute_now_remains_nonterminal_after_validation) ... ok
test_failed_inference_materialization_is_idempotent (tests.issue_agent.test_validate.ValidateIssueAgentBundleTest.test_failed_inference_materialization_is_idempotent) ... ok
test_internal_bot_pr_materialization_is_admitted_without_bot_push_loop (tests.issue_agent.test_validate.ValidateIssueAgentBundleTest.test_internal_bot_pr_materialization_is_admitted_without_bot_push_loop) ... ok
test_issue_agent_prompt_requires_one_lifecycle_disposition (tests.issue_agent.test_validate.ValidateIssueAgentBundleTest.test_issue_agent_prompt_requires_one_lifecycle_disposition) ... ok
test_issue_writer_is_history_preserving_and_integrity_atomic (tests.issue_agent.test_validate.ValidateIssueAgentBundleTest.test_issue_writer_is_history_preserving_and_integrity_atomic) ... ok
test_missing_issue_disposition_is_rejected (tests.issue_agent.test_validate.ValidateIssueAgentBundleTest.test_missing_issue_disposition_is_rejected) ... ok
test_policy_and_owner_delegation_are_active_and_fail_closed (tests.issue_agent.test_validate.ValidateIssueAgentBundleTest.test_policy_and_owner_delegation_are_active_and_fail_closed) ... ok
test_terminal_closure_alone_promotes_to_done (tests.issue_agent.test_validate.ValidateIssueAgentBundleTest.test_terminal_closure_alone_promotes_to_done) ... ok
test_valid_bundle_passes (tests.issue_agent.test_validate.ValidateIssueAgentBundleTest.test_valid_bundle_passes) ... ok

----------------------------------------------------------------------
Ran 62 tests in 0.292s

OK
PYTHONDONTWRITEBYTECODE=1 PYTHONNOUSERSITE=1 python3 -B -m unittest -v tests.test_qikvrt_repository_terminal tests.test_qikvrt_cloud_transputer_mesh_runtime tests.test_qikvrt_live_status_carrier_classification tests.test_qikvrt_execution_precedence tests.test_qikvrt_unattended_pr_disposition tests.test_qikvrt_repository_dod_census
test_current_candidate_branch_is_regarded_but_not_merged (tests.test_qikvrt_repository_dod.RepositoryDodTests.test_current_candidate_branch_is_regarded_but_not_merged) ... ok
test_effect_cannot_compensate_repository_red (tests.test_qikvrt_repository_dod.RepositoryDodTests.test_effect_cannot_compensate_repository_red) ... ok
test_exact_six_conjuncts_are_done (tests.test_qikvrt_repository_dod.RepositoryDodTests.test_exact_six_conjuncts_are_done) ... ok
test_incomplete_inventory_fails_closed (tests.test_qikvrt_repository_dod.RepositoryDodTests.test_incomplete_inventory_fails_closed) ... ok
test_main_pass_does_not_imply_effect (tests.test_qikvrt_repository_dod.RepositoryDodTests.test_main_pass_does_not_imply_effect) ... ok
test_main_validation_cannot_be_replaced_by_candidate_pass (tests.test_qikvrt_repository_dod.RepositoryDodTests.test_main_validation_cannot_be_replaced_by_candidate_pass) ... ok
test_missing_input_fails_closed (tests.test_qikvrt_repository_dod.RepositoryDodTests.test_missing_input_fails_closed) ... ok
test_open_issues_queue_and_ruleset_are_not_hidden_dod_conjuncts (tests.test_qikvrt_repository_dod.RepositoryDodTests.test_open_issues_queue_and_ruleset_are_not_hidden_dod_conjuncts) ... ok
test_open_regarded_pr_does_not_add_hidden_done_conjunct (tests.test_qikvrt_repository_dod.RepositoryDodTests.test_open_regarded_pr_does_not_add_hidden_done_conjunct) ... ok
test_productive_branch_outside_final_state_blocks (tests.test_qikvrt_repository_dod.RepositoryDodTests.test_productive_branch_outside_final_state_blocks) ... ok
test_regarded_productive_unmerged_branch_keeps_branch_regard_separate (tests.test_qikvrt_repository_dod.RepositoryDodTests.test_regarded_productive_unmerged_branch_keeps_branch_regard_separate) ... ok
test_unregarded_branch_blocks_exact_conjunct (tests.test_qikvrt_repository_dod.RepositoryDodTests.test_unregarded_branch_blocks_exact_conjunct) ... ok
test_unregarded_pr_blocks_exact_conjunct (tests.test_qikvrt_repository_dod.RepositoryDodTests.test_unregarded_pr_blocks_exact_conjunct) ... ok
test_zero_bug_must_be_fresh_and_exact (tests.test_qikvrt_repository_dod.RepositoryDodTests.test_zero_bug_must_be_fresh_and_exact) ... ok
test_command_surface_is_explicit_and_bounded (tests.test_qikvrt_repository_terminal.RepositoryTerminalTests.test_command_surface_is_explicit_and_bounded) ... ok
test_page_has_bilingual_accessible_terminal_controls (tests.test_qikvrt_repository_terminal.RepositoryTerminalTests.test_page_has_bilingual_accessible_terminal_controls) ... ok
test_page_is_linked_from_pages_navigation_and_sitemap (tests.test_qikvrt_repository_terminal.RepositoryTerminalTests.test_page_is_linked_from_pages_navigation_and_sitemap) ... ok
test_script_and_test_have_current_source_license_notice (tests.test_qikvrt_repository_terminal.RepositoryTerminalTests.test_script_and_test_have_current_source_license_notice) ... ok
test_script_has_fixed_read_only_repository_surface (tests.test_qikvrt_repository_terminal.RepositoryTerminalTests.test_script_has_fixed_read_only_repository_surface) ... ok
unittest.case.FunctionTestCase (test_cloud_carrier_materializes_transputer_mesh_roles) ... ok
unittest.case.FunctionTestCase (test_mesh_health_is_a_runtime_readback_not_static_success) ... ok
unittest.case.FunctionTestCase (test_compose_gateway_health_waits_for_real_terminal_endpoints) ... ok
unittest.case.FunctionTestCase (test_ai_gateway_routes_reuse_the_live_mesh_surface) ... ok
unittest.case.FunctionTestCase (test_ai_and_legacy_mesh_routes_resolve_the_same_live_targets) ... ok
unittest.case.FunctionTestCase (test_firefox_launcher_binds_the_bookworm_novnc_websocket_path) ... ok
unittest.case.FunctionTestCase (test_ai_surface_does_not_assert_a_personal_session_or_completed_work) ... ok
test_projection_remains_event_driven (tests.test_qikvrt_live_status_carrier_classification.LiveStatusCarrierClassificationTests.test_projection_remains_event_driven) ... ok
test_surface_documents_missing_carrier_exhaustion_proof (tests.test_qikvrt_live_status_carrier_classification.LiveStatusCarrierClassificationTests.test_surface_documents_missing_carrier_exhaustion_proof) ... ok
test_surface_failures_are_classification_inputs_not_terminal_hold (tests.test_qikvrt_live_status_carrier_classification.LiveStatusCarrierClassificationTests.test_surface_failures_are_classification_inputs_not_terminal_hold) ... ok
test_declared_marker_isolated_from_legacy_default_branch (tests.test_qikvrt_live_status_carrier_classification.LiveStatusExecutionTests.test_declared_marker_isolated_from_legacy_default_branch) ... ok
test_distinct_workflow_transitions_are_not_deduplicated (tests.test_qikvrt_live_status_carrier_classification.LiveStatusExecutionTests.test_distinct_workflow_transitions_are_not_deduplicated) ... ok
test_duplicate_id_cannot_hide_conflicting_source_payload (tests.test_qikvrt_live_status_carrier_classification.LiveStatusExecutionTests.test_duplicate_id_cannot_hide_conflicting_source_payload) ... ok
test_duplicate_source_transition_does_not_write_again (tests.test_qikvrt_live_status_carrier_classification.LiveStatusExecutionTests.test_duplicate_source_transition_does_not_write_again) ... ok
test_duplicate_surfaces_fail_without_overwriting_either (tests.test_qikvrt_live_status_carrier_classification.LiveStatusExecutionTests.test_duplicate_surfaces_fail_without_overwriting_either) ... ok
test_duplicate_transition_still_requires_exact_readback (tests.test_qikvrt_live_status_carrier_classification.LiveStatusExecutionTests.test_duplicate_transition_still_requires_exact_readback) ... ok
test_exhausted_inventory_budget_performs_no_write (tests.test_qikvrt_live_status_carrier_classification.LiveStatusExecutionTests.test_exhausted_inventory_budget_performs_no_write) ... ok
test_failed_write_is_not_retried (tests.test_qikvrt_live_status_carrier_classification.LiveStatusExecutionTests.test_failed_write_is_not_retried) ... ok
test_historical_duplicate_survives_a_newer_displayed_header (tests.test_qikvrt_live_status_carrier_classification.LiveStatusExecutionTests.test_historical_duplicate_survives_a_newer_displayed_header) ... ok
test_issue_comment_and_dispatch_use_repository_scoped_paths (tests.test_qikvrt_live_status_carrier_classification.LiveStatusExecutionTests.test_issue_comment_and_dispatch_use_repository_scoped_paths) ... ok
test_legacy_surface_is_not_adopted_or_copied (tests.test_qikvrt_live_status_carrier_classification.LiveStatusExecutionTests.test_legacy_surface_is_not_adopted_or_copied) ... ok
test_legacy_writer_selector_cannot_select_new_surface (tests.test_qikvrt_live_status_carrier_classification.LiveStatusExecutionTests.test_legacy_writer_selector_cannot_select_new_surface) ... ok
test_marker_in_human_comment_does_not_authorize_overwrite (tests.test_qikvrt_live_status_carrier_classification.LiveStatusExecutionTests.test_marker_in_human_comment_does_not_authorize_overwrite) ... ok
test_multiple_lines_for_one_source_identifier_are_conflicting (tests.test_qikvrt_live_status_carrier_classification.LiveStatusExecutionTests.test_multiple_lines_for_one_source_identifier_are_conflicting) ... ok
test_rate_limit_is_not_retried_or_masked (tests.test_qikvrt_live_status_carrier_classification.LiveStatusExecutionTests.test_rate_limit_is_not_retried_or_masked) ... ok
test_readback_from_another_issue_is_rejected (tests.test_qikvrt_live_status_carrier_classification.LiveStatusExecutionTests.test_readback_from_another_issue_is_rejected) ... ok
test_review_is_bound_to_reviewed_commit_not_new_pr_head (tests.test_qikvrt_live_status_carrier_classification.LiveStatusExecutionTests.test_review_is_bound_to_reviewed_commit_not_new_pr_head) ... ok
test_scoped_receipt_binds_readback_and_duplicate_without_effect (tests.test_qikvrt_live_status_carrier_classification.LiveStatusExecutionTests.test_scoped_receipt_binds_readback_and_duplicate_without_effect) ... ok
test_second_page_surface_is_preserved (tests.test_qikvrt_live_status_carrier_classification.LiveStatusExecutionTests.test_second_page_surface_is_preserved) ... ok
test_self_projection_event_uses_no_api_calls (tests.test_qikvrt_live_status_carrier_classification.LiveStatusExecutionTests.test_self_projection_event_uses_no_api_calls) ... ok
test_serialized_events_use_bounded_queue_without_canceling_active_run (tests.test_qikvrt_live_status_carrier_classification.LiveStatusExecutionTests.test_serialized_events_use_bounded_queue_without_canceling_active_run) ... ok
test_surface_after_twentieth_comment_is_not_recreated (tests.test_qikvrt_live_status_carrier_classification.LiveStatusExecutionTests.test_surface_after_twentieth_comment_is_not_recreated) ... ok
test_versioned_inventory_updates_only_current_surface (tests.test_qikvrt_live_status_carrier_classification.LiveStatusExecutionTests.test_versioned_inventory_updates_only_current_surface) ... ok
test_workflow_event_without_issue_url_reads_back_exact_object (tests.test_qikvrt_live_status_carrier_classification.LiveStatusExecutionTests.test_workflow_event_without_issue_url_reads_back_exact_object) ... ok
test_workflow_run_and_pr_events_share_the_pr_serialization_key (tests.test_qikvrt_live_status_carrier_classification.LiveStatusExecutionTests.test_workflow_run_and_pr_events_share_the_pr_serialization_key) ... ok
test_workflow_run_serializes_by_pr_not_source_run (tests.test_qikvrt_live_status_carrier_classification.LiveStatusExecutionTests.test_workflow_run_serializes_by_pr_not_source_run) ... ok
test_write_ack_without_matching_readback_fails (tests.test_qikvrt_live_status_carrier_classification.LiveStatusExecutionTests.test_write_ack_without_matching_readback_fails) ... ok
test_convergence_policy_targets_authority_and_mirror_at_zero (tests.test_qikvrt_execution_precedence.ExecutionPrecedenceTests.test_convergence_policy_targets_authority_and_mirror_at_zero) ... ok
test_convergence_repository_list_rejects_malformed_or_duplicate_entries (tests.test_qikvrt_execution_precedence.ExecutionPrecedenceTests.test_convergence_repository_list_rejects_malformed_or_duplicate_entries) ... ok
test_external_edges_open_only_after_common_barrier (tests.test_qikvrt_execution_precedence.ExecutionPrecedenceTests.test_external_edges_open_only_after_common_barrier) ... ok
test_first_step_is_manifest_latest_knowledge (tests.test_qikvrt_execution_precedence.ExecutionPrecedenceTests.test_first_step_is_manifest_latest_knowledge) ... ok
test_missing_mirror_observation_fails_closed (tests.test_qikvrt_execution_precedence.ExecutionPrecedenceTests.test_missing_mirror_observation_fails_closed) ... ok
test_nonzero_carrier_count_blocks_convergence (tests.test_qikvrt_execution_precedence.ExecutionPrecedenceTests.test_nonzero_carrier_count_blocks_convergence) ... ok
test_policy_is_acyclic_and_fail_closed (tests.test_qikvrt_execution_precedence.ExecutionPrecedenceTests.test_policy_is_acyclic_and_fail_closed) ... ok
test_promotion_cannot_precede_post_review_reobservation (tests.test_qikvrt_execution_precedence.ExecutionPrecedenceTests.test_promotion_cannot_precede_post_review_reobservation) ... ok
test_review_cannot_precede_validation (tests.test_qikvrt_execution_precedence.ExecutionPrecedenceTests.test_review_cannot_precede_validation) ... ok
test_stale_or_unknown_predecessor_never_opens_successor (tests.test_qikvrt_execution_precedence.ExecutionPrecedenceTests.test_stale_or_unknown_predecessor_never_opens_successor) ... ok
test_validation_cannot_precede_integration_head (tests.test_qikvrt_execution_precedence.ExecutionPrecedenceTests.test_validation_cannot_precede_integration_head) ... ok
test_zero_carriers_satisfies_only_repository_prerequisite (tests.test_qikvrt_execution_precedence.ExecutionPrecedenceTests.test_zero_carriers_satisfies_only_repository_prerequisite) ... ok
test_active_execution_precedes_review (tests.test_qikvrt_unattended_pr_disposition.UnattendedPrDispositionTests.test_active_execution_precedes_review) ... ok
test_base_drift_precedes_downstream_gate_state (tests.test_qikvrt_unattended_pr_disposition.UnattendedPrDispositionTests.test_base_drift_precedes_downstream_gate_state) ... ok
test_closed_without_merge_preserves_cause (tests.test_qikvrt_unattended_pr_disposition.UnattendedPrDispositionTests.test_closed_without_merge_preserves_cause) ... ok
test_explicit_first_blocker_is_preserved (tests.test_qikvrt_unattended_pr_disposition.UnattendedPrDispositionTests.test_explicit_first_blocker_is_preserved) ... ok
test_external_effect_boundary_follows_internal_convergence (tests.test_qikvrt_unattended_pr_disposition.UnattendedPrDispositionTests.test_external_effect_boundary_follows_internal_convergence) ... ok
test_failed_gate_fails_closed (tests.test_qikvrt_unattended_pr_disposition.UnattendedPrDispositionTests.test_failed_gate_fails_closed) ... ok
test_incomplete_evidence_cannot_be_merge_ready (tests.test_qikvrt_unattended_pr_disposition.UnattendedPrDispositionTests.test_incomplete_evidence_cannot_be_merge_ready) ... ok
test_inconsistent_merged_open_state_is_rejected (tests.test_qikvrt_unattended_pr_disposition.UnattendedPrDispositionTests.test_inconsistent_merged_open_state_is_rejected) ... ok
test_merge_ready_requires_complete_internal_evidence (tests.test_qikvrt_unattended_pr_disposition.UnattendedPrDispositionTests.test_merge_ready_requires_complete_internal_evidence) ... ok
test_merged_is_terminal (tests.test_qikvrt_unattended_pr_disposition.UnattendedPrDispositionTests.test_merged_is_terminal) ... ok
test_missing_required_evidence_is_rejected (tests.test_qikvrt_unattended_pr_disposition.UnattendedPrDispositionTests.test_missing_required_evidence_is_rejected) ... ok
test_review_boundary_is_explicit (tests.test_qikvrt_unattended_pr_disposition.UnattendedPrDispositionTests.test_review_boundary_is_explicit) ... ok
test_state_set_matches_canonical_backlog (tests.test_qikvrt_unattended_pr_disposition.UnattendedPrDispositionTests.test_state_set_matches_canonical_backlog) ... ok
test_supersession_precedes_execution (tests.test_qikvrt_unattended_pr_disposition.UnattendedPrDispositionTests.test_supersession_precedes_execution) ... ok
test_available_paginated_legacy_snapshot_is_flattened (tests.test_qikvrt_repository_dod_census.DodCensusTests.test_available_paginated_legacy_snapshot_is_flattened) ... ok
test_current_candidate_branch_is_regarded_without_claiming_merge (tests.test_qikvrt_repository_dod_census.DodCensusTests.test_current_candidate_branch_is_regarded_without_claiming_merge) ... ok
test_default_main_is_regarded (tests.test_qikvrt_repository_dod_census.DodCensusTests.test_default_main_is_regarded) ... ok
test_explicit_pr_disposition_is_exact_marker_only (tests.test_qikvrt_repository_dod_census.DodCensusTests.test_explicit_pr_disposition_is_exact_marker_only) ... ok
test_graphql_observed_snapshot_is_admitted (tests.test_qikvrt_repository_dod_census.DodCensusTests.test_graphql_observed_snapshot_is_admitted) ... ok
test_rate_limited_pr_snapshot_is_hold_not_empty_inventory (tests.test_qikvrt_repository_dod_census.DodCensusTests.test_rate_limited_pr_snapshot_is_hold_not_empty_inventory) ... ok
test_regarded_open_pr_branch_is_productive_not_merged (tests.test_qikvrt_repository_dod_census.DodCensusTests.test_regarded_open_pr_branch_is_productive_not_merged) ... ok
test_tree_identical_divergent_branch_is_redundant (tests.test_qikvrt_repository_dod_census.DodCensusTests.test_tree_identical_divergent_branch_is_redundant) ... ok
test_unavailable_snapshot_requires_fail_closed_state (tests.test_qikvrt_repository_dod_census.DodCensusTests.test_unavailable_snapshot_requires_fail_closed_state) ... ok

----------------------------------------------------------------------
Ran 91 tests in 4.840s

OK
PYTHONDONTWRITEBYTECODE=1 PYTHONNOUSERSITE=1 python3 -B -m unittest -v tests.test_qikvrt_authority_mirror_mesh_instance
test_contract_and_live_monitor_keep_the_same_non_claims (tests.test_qikvrt_authority_mirror_mesh_instance.AuthorityMirrorMeshInstanceTests.test_contract_and_live_monitor_keep_the_same_non_claims) ... ok
test_diverged_pair_is_a_mesh_instance_without_a_synthetic_main (tests.test_qikvrt_authority_mirror_mesh_instance.AuthorityMirrorMeshInstanceTests.test_diverged_pair_is_a_mesh_instance_without_a_synthetic_main) ... ok
test_equal_tree_without_pair_integrity_remains_unverified (tests.test_qikvrt_authority_mirror_mesh_instance.AuthorityMirrorMeshInstanceTests.test_equal_tree_without_pair_integrity_remains_unverified) ... ok
test_full_terminal_view_is_lossless_and_short_view_remains_bound (tests.test_qikvrt_authority_mirror_mesh_instance.AuthorityMirrorMeshInstanceTests.test_full_terminal_view_is_lossless_and_short_view_remains_bound) ... ok
test_matching_integrity_still_needs_reciprocal_receipt (tests.test_qikvrt_authority_mirror_mesh_instance.AuthorityMirrorMeshInstanceTests.test_matching_integrity_still_needs_reciprocal_receipt) ... ok
test_mesh_inventory_is_arithmetic_only_and_keeps_gc_boundary (tests.test_qikvrt_authority_mirror_mesh_instance.AuthorityMirrorMeshInstanceTests.test_mesh_inventory_is_arithmetic_only_and_keeps_gc_boundary) ... ok
test_rejects_a_non_main_or_wrong_role_node (tests.test_qikvrt_authority_mirror_mesh_instance.AuthorityMirrorMeshInstanceTests.test_rejects_a_non_main_or_wrong_role_node) ... ok

----------------------------------------------------------------------
Ran 7 tests in 0.001s

OK
PYTHONDONTWRITEBYTECODE=1 PYTHONNOUSERSITE=1 python3 -B -m unittest -v tests.test_qikvrt_real_mesh
test_four_process_two_pair_mesh_executes_two_routes_and_restart_replay (tests.test_qikvrt_real_mesh.RealMeshNetworkTests.test_four_process_two_pair_mesh_executes_two_routes_and_restart_replay) ... ok
test_tamper_rebinding_and_partition_fail_closed (tests.test_qikvrt_real_mesh.RealMeshNetworkTests.test_tamper_rebinding_and_partition_fail_closed) ... ok
test_real_mesh_requires_connected_cyclic_peer_graph (tests.test_qikvrt_real_mesh.RealMeshPureContractTests.test_real_mesh_requires_connected_cyclic_peer_graph) ... ok
test_real_mesh_requires_two_complete_authority_mirror_pairs (tests.test_qikvrt_real_mesh.RealMeshPureContractTests.test_real_mesh_requires_two_complete_authority_mirror_pairs) ... ok
test_route_must_cross_pairs_and_follow_declared_links (tests.test_qikvrt_real_mesh.RealMeshPureContractTests.test_route_must_cross_pairs_and_follow_declared_links) ... ok
test_committed_contract_and_workflow_preserve_runtime_boundaries (tests.test_qikvrt_real_mesh.RealMeshRepositoryContractTests.test_committed_contract_and_workflow_preserve_runtime_boundaries) ... ok

----------------------------------------------------------------------
Ran 6 tests in 0.714s

OK
PYTHONDONTWRITEBYTECODE=1 PYTHONNOUSERSITE=1 python3 -B -m unittest -v tests.test_qikvrt_real_mesh_system_verification
test_audit_has_sha256 (tests.test_qikvrt_real_mesh_system_verification.AuditReceiptStructureTests.test_audit_has_sha256) ... ok
test_audit_schema_is_correct (tests.test_qikvrt_real_mesh_system_verification.AuditReceiptStructureTests.test_audit_schema_is_correct) ... ok
test_conformant_receipt_produces_pass_status (tests.test_qikvrt_real_mesh_system_verification.AuditReceiptStructureTests.test_conformant_receipt_produces_pass_status) ... ok
test_external_effect_always_none_in_audit (tests.test_qikvrt_real_mesh_system_verification.AuditReceiptStructureTests.test_external_effect_always_none_in_audit) ... ok
test_findings_produce_block_status (tests.test_qikvrt_real_mesh_system_verification.AuditReceiptStructureTests.test_findings_produce_block_status) ... ok
test_general_effect_ack_done_always_false_in_audit (tests.test_qikvrt_real_mesh_system_verification.AuditReceiptStructureTests.test_general_effect_ack_done_always_false_in_audit) ... ok
test_transport_ack_is_not_effect_ack_in_audit (tests.test_qikvrt_real_mesh_system_verification.AuditReceiptStructureTests.test_transport_ack_is_not_effect_ack_in_audit) ... ok
test_contract_effect_boundary_forbids_general_effect_ack (tests.test_qikvrt_real_mesh_system_verification.ContractAndStandardLoadTests.test_contract_effect_boundary_forbids_general_effect_ack) ... ok
test_contract_minimum_topology_is_present (tests.test_qikvrt_real_mesh_system_verification.ContractAndStandardLoadTests.test_contract_minimum_topology_is_present) ... ok
test_contract_transport_scope_is_loopback_only (tests.test_qikvrt_real_mesh_system_verification.ContractAndStandardLoadTests.test_contract_transport_scope_is_loopback_only) ... ok
test_load_contract_succeeds (tests.test_qikvrt_real_mesh_system_verification.ContractAndStandardLoadTests.test_load_contract_succeeds) ... ok
test_load_reflexive_standard_succeeds (tests.test_qikvrt_real_mesh_system_verification.ContractAndStandardLoadTests.test_load_reflexive_standard_succeeds) ... ok
test_audit_receipt_is_well_formed_after_real_execution (tests.test_qikvrt_real_mesh_system_verification.ReflexiveNetworkSystemTest.test_audit_receipt_is_well_formed_after_real_execution)
The audit receipt produced after real execution must be self-consistent. ... ok
test_real_tcp_mesh_passes_all_contract_checks (tests.test_qikvrt_real_mesh_system_verification.ReflexiveNetworkSystemTest.test_real_tcp_mesh_passes_all_contract_checks)
Execute four real TCP node processes and verify the receipt reflexively. ... ok
test_conformant_receipt_has_no_findings (tests.test_qikvrt_real_mesh_system_verification.VerifyReceiptPureContractTests.test_conformant_receipt_has_no_findings) ... ok
test_false_general_effect_ack_done_required (tests.test_qikvrt_real_mesh_system_verification.VerifyReceiptPureContractTests.test_false_general_effect_ack_done_required) ... ok
test_false_pass_claim_required (tests.test_qikvrt_real_mesh_system_verification.VerifyReceiptPureContractTests.test_false_pass_claim_required) ... ok
test_insufficient_node_count_is_a_finding (tests.test_qikvrt_real_mesh_system_verification.VerifyReceiptPureContractTests.test_insufficient_node_count_is_a_finding) ... ok
test_insufficient_pair_count_is_a_finding (tests.test_qikvrt_real_mesh_system_verification.VerifyReceiptPureContractTests.test_insufficient_pair_count_is_a_finding) ... ok
test_missing_routes_is_a_finding (tests.test_qikvrt_real_mesh_system_verification.VerifyReceiptPureContractTests.test_missing_routes_is_a_finding) ... ok
test_non_redundant_path_is_a_finding (tests.test_qikvrt_real_mesh_system_verification.VerifyReceiptPureContractTests.test_non_redundant_path_is_a_finding) ... ok
test_receipt_sha256_match_is_not_a_finding (tests.test_qikvrt_real_mesh_system_verification.VerifyReceiptPureContractTests.test_receipt_sha256_match_is_not_a_finding) ... ok
test_receipt_sha256_mismatch_is_a_finding (tests.test_qikvrt_real_mesh_system_verification.VerifyReceiptPureContractTests.test_receipt_sha256_mismatch_is_a_finding) ... ok
test_restart_replay_failure_is_a_finding (tests.test_qikvrt_real_mesh_system_verification.VerifyReceiptPureContractTests.test_restart_replay_failure_is_a_finding) ... ok
test_wrong_effect_ack_scope_is_a_finding (tests.test_qikvrt_real_mesh_system_verification.VerifyReceiptPureContractTests.test_wrong_effect_ack_scope_is_a_finding) ... ok
test_wrong_mesh_id_is_a_finding (tests.test_qikvrt_real_mesh_system_verification.VerifyReceiptPureContractTests.test_wrong_mesh_id_is_a_finding) ... ok
test_wrong_network_scope_is_a_finding (tests.test_qikvrt_real_mesh_system_verification.VerifyReceiptPureContractTests.test_wrong_network_scope_is_a_finding) ... ok
test_wrong_schema_is_a_finding (tests.test_qikvrt_real_mesh_system_verification.VerifyReceiptPureContractTests.test_wrong_schema_is_a_finding) ... ok

----------------------------------------------------------------------
Ran 28 tests in 0.835s

OK
PYTHONDONTWRITEBYTECODE=1 PYTHONNOUSERSITE=1 python3 -B tests/test_launcher_runtime.py
.....CONTINUE_EXPLICIT_CONFIRMATION_REQUIRED execute requires --allow-publish and --confirm-publish PUBLISH_QIKVRT. Evidence: /tmp/tmpc4nz0jzk/.qikvrt/evidence/QIKVRT_CICD_EVIDENCE_LEDGER.json
..CONTINUE bound launcher effect authorization for cicd-publish is required; no CI/CD evidence or external effect was written.
master authorization requiredCONTINUE bound launcher effect authorization is required; no CI/CD evidence or external effect was written.
...BLOCK launcher effect authorization could not be persisted: invalid content tree
.....
----------------------------------------------------------------------
Ran 15 tests in 0.085s

OK
PASS_DRY_RUN plan validated; no external effect executed. Evidence: /tmp/tmpcjclbqs5/.qikvrt/evidence/QIKVRT_CICD_EVIDENCE_LEDGER.json
PASS_PUBLISH_PLAN publish plan materialized; no external effect executed. Evidence: /tmp/tmpcjclbqs5/.qikvrt/evidence/QIKVRT_CICD_EVIDENCE_LEDGER.json
usage: test_launcher_runtime.py [-h] [--test-timeout SECONDS]

QIK-VRT non-recursive master acceptance gate

options:
  -h, --help            show this help message and exit
  --test-timeout SECONDS
usage: test_launcher_runtime.py [-h] [{cicd-publish,master-gate}] ...

QIK-VRT launcher. Scoped local authorization is required before any effect.

positional arguments:
  {cicd-publish,master-gate}
  args

options:
  -h, --help            show this help message and exit
PYTHONDONTWRITEBYTECODE=1 python3 -m unittest -v tests.test_effect_ack_conformance
test_deadline_exhausted_during_check_prevents_done (tests.test_effect_ack_conformance.DeadlineAndDeterminismConformanceTests.test_deadline_exhausted_during_check_prevents_done) ... ok
test_deadline_exhausted_during_finalization_prevents_done (tests.test_effect_ack_conformance.DeadlineAndDeterminismConformanceTests.test_deadline_exhausted_during_finalization_prevents_done) ... ok
test_nonpositive_deadline_fails_closed (tests.test_effect_ack_conformance.DeadlineAndDeterminismConformanceTests.test_nonpositive_deadline_fails_closed) ... ok
test_same_deterministic_content_produces_same_state_and_hash (tests.test_effect_ack_conformance.DeadlineAndDeterminismConformanceTests.test_same_deterministic_content_produces_same_state_and_hash) ... ok
test_synchronous_haltpoint_returns_without_unbounded_waiting (tests.test_effect_ack_conformance.DeadlineAndDeterminismConformanceTests.test_synchronous_haltpoint_returns_without_unbounded_waiting) ... ok
test_block_stops_effect_and_exposes_a_responsible_continue_path (tests.test_effect_ack_conformance.EffectAckStateConformanceTests.test_block_stops_effect_and_exposes_a_responsible_continue_path) ... ok
test_continue_means_checking_may_continue_but_effect_is_unreleased (tests.test_effect_ack_conformance.EffectAckStateConformanceTests.test_continue_means_checking_may_continue_but_effect_is_unreleased) ... ok
test_done_is_reached_when_every_release_gate_is_satisfied (tests.test_effect_ack_conformance.EffectAckStateConformanceTests.test_done_is_reached_when_every_release_gate_is_satisfied) ... ok
test_done_is_the_only_ordinary_release_state (tests.test_effect_ack_conformance.EffectAckStateConformanceTests.test_done_is_the_only_ordinary_release_state) ... ok
test_each_required_done_condition_individually_prevents_done (tests.test_effect_ack_conformance.EffectAckStateConformanceTests.test_each_required_done_condition_individually_prevents_done) ... ok
test_effect_nack_when_no_effect_checkable_reception_exists (tests.test_effect_ack_conformance.EffectAckStateConformanceTests.test_effect_nack_when_no_effect_checkable_reception_exists) ... ok
test_every_result_contains_all_draft_minimal_protocol_fields (tests.test_effect_ack_conformance.EffectAckStateConformanceTests.test_every_result_contains_all_draft_minimal_protocol_fields) ... ok
test_exactly_five_normative_states_exist (tests.test_effect_ack_conformance.EffectAckStateConformanceTests.test_exactly_five_normative_states_exist) ... ok
test_isolate_separates_effect_from_ordinary_flow (tests.test_effect_ack_conformance.EffectAckStateConformanceTests.test_isolate_separates_effect_from_ordinary_flow) ... ok
test_json_facing_enum_values_are_normalized_at_request_boundary (tests.test_effect_ack_conformance.EffectAckStateConformanceTests.test_json_facing_enum_values_are_normalized_at_request_boundary) ... ok
test_non_boolean_gate_values_are_rejected (tests.test_effect_ack_conformance.EffectAckStateConformanceTests.test_non_boolean_gate_values_are_rejected) ... ok
test_synchronous_metadata_is_bounded (tests.test_effect_ack_conformance.EffectAckStateConformanceTests.test_synchronous_metadata_is_bounded) ... ok
test_transport_ack_alone_is_never_release_permission (tests.test_effect_ack_conformance.EffectAckStateConformanceTests.test_transport_ack_alone_is_never_release_permission) ... ok
test_wire_states_match_repository_protocol_summary (tests.test_effect_ack_conformance.EffectAckStateConformanceTests.test_wire_states_match_repository_protocol_summary) ... ok
test_canonical_json_normalizes_unicode_and_key_order (tests.test_effect_ack_conformance.HashAndCanonicalizationConformanceTests.test_canonical_json_normalizes_unicode_and_key_order) ... ok
test_created_timestamp_must_be_valid_utc (tests.test_effect_ack_conformance.HashAndCanonicalizationConformanceTests.test_created_timestamp_must_be_valid_utc) ... ok
test_declared_hash_mismatch_fails_closed (tests.test_effect_ack_conformance.HashAndCanonicalizationConformanceTests.test_declared_hash_mismatch_fails_closed) ... ok
test_deserialized_non_boolean_cannot_satisfy_a_gate (tests.test_effect_ack_conformance.HashAndCanonicalizationConformanceTests.test_deserialized_non_boolean_cannot_satisfy_a_gate) ... ok
test_false_done_record_is_rejected_even_with_recomputed_hash (tests.test_effect_ack_conformance.HashAndCanonicalizationConformanceTests.test_false_done_record_is_rejected_even_with_recomputed_hash) ... ok
test_input_hash_requires_exact_sha256_shape (tests.test_effect_ack_conformance.HashAndCanonicalizationConformanceTests.test_input_hash_requires_exact_sha256_shape) ... ok
test_malformed_declared_hash_fails_closed (tests.test_effect_ack_conformance.HashAndCanonicalizationConformanceTests.test_malformed_declared_hash_fails_closed) ... ok
test_oversized_payload_fails_closed_without_hashing_it (tests.test_effect_ack_conformance.HashAndCanonicalizationConformanceTests.test_oversized_payload_fails_closed_without_hashing_it) ... ok
test_payload_is_bound_to_protocol_by_sha256 (tests.test_effect_ack_conformance.HashAndCanonicalizationConformanceTests.test_payload_is_bound_to_protocol_by_sha256) ... ok
test_protocol_hash_excludes_volatile_timestamp (tests.test_effect_ack_conformance.HashAndCanonicalizationConformanceTests.test_protocol_hash_excludes_volatile_timestamp) ... ok
test_protocol_round_trip_verifies (tests.test_effect_ack_conformance.HashAndCanonicalizationConformanceTests.test_protocol_round_trip_verifies) ... ok
test_protocol_tampering_is_detected (tests.test_effect_ack_conformance.HashAndCanonicalizationConformanceTests.test_protocol_tampering_is_detected) ... ok
test_result_cannot_disagree_with_its_protocol (tests.test_effect_ack_conformance.HashAndCanonicalizationConformanceTests.test_result_cannot_disagree_with_its_protocol) ... ok
test_chain_link_tampering_is_detected (tests.test_effect_ack_conformance.VersioningAndChainConformanceTests.test_chain_link_tampering_is_detected) ... ok
test_changed_evidence_cannot_silently_mutate_old_version (tests.test_effect_ack_conformance.VersioningAndChainConformanceTests.test_changed_evidence_cannot_silently_mutate_old_version) ... ok
test_corrupt_predecessor_fails_closed (tests.test_effect_ack_conformance.VersioningAndChainConformanceTests.test_corrupt_predecessor_fails_closed) ... ok
test_external_trusted_hash_anchor_detects_full_chain_rewrite (tests.test_effect_ack_conformance.VersioningAndChainConformanceTests.test_external_trusted_hash_anchor_detects_full_chain_rewrite) ... ok
test_identical_reevaluation_is_idempotent (tests.test_effect_ack_conformance.VersioningAndChainConformanceTests.test_identical_reevaluation_is_idempotent) ... ok
test_new_evidence_creates_new_hash_linked_version (tests.test_effect_ack_conformance.VersioningAndChainConformanceTests.test_new_evidence_creates_new_hash_linked_version) ... ok
test_protocol_chain_cannot_switch_input_identity (tests.test_effect_ack_conformance.VersioningAndChainConformanceTests.test_protocol_chain_cannot_switch_input_identity) ... ok
test_reevaluation_against_different_protocol_root_fails_closed (tests.test_effect_ack_conformance.VersioningAndChainConformanceTests.test_reevaluation_against_different_protocol_root_fails_closed) ... ok
test_reevaluation_cannot_rebind_same_input_id_to_new_payload (tests.test_effect_ack_conformance.VersioningAndChainConformanceTests.test_reevaluation_cannot_rebind_same_input_id_to_new_payload) ... ok

----------------------------------------------------------------------
Ran 41 tests in 0.016s

OK
python3 tests/test_handler_unit.py
test_complete_authorization_allows_exactly_scoped_mutation (__main__.HandlerUnitTests.test_complete_authorization_allows_exactly_scoped_mutation) ... ok
test_every_completed_request_extends_a_valid_audit_chain (__main__.HandlerUnitTests.test_every_completed_request_extends_a_valid_audit_chain) ... ok
test_handler_reaches_all_five_effect_ack_states (__main__.HandlerUnitTests.test_handler_reaches_all_five_effect_ack_states) ... ok
test_real_mutation_requires_complete_scoped_authorization (__main__.HandlerUnitTests.test_real_mutation_requires_complete_scoped_authorization) ... ok
test_release_status_is_continue_until_remote_hash_is_confirmed (__main__.HandlerUnitTests.test_release_status_is_continue_until_remote_hash_is_confirmed) ... ok
test_release_status_reaches_done_only_with_verified_remote_attestation (__main__.HandlerUnitTests.test_release_status_reaches_done_only_with_verified_remote_attestation) ... ok

----------------------------------------------------------------------
Ran 6 tests in 0.100s

OK
PYTHONDONTWRITEBYTECODE=1 python3 -B -m unittest -v tests.test_handler_security tests.test_api_client
test_audit_tampering_is_detected_and_new_effect_is_isolated (tests.test_handler_security.HandlerSecurityTests.test_audit_tampering_is_detected_and_new_effect_is_isolated) ... ok
test_client_cannot_claim_a_different_responsibility_owner (tests.test_handler_security.HandlerSecurityTests.test_client_cannot_claim_a_different_responsibility_owner) ... ok
test_cross_thread_duplicate_causes_one_effect_and_safe_replays (tests.test_handler_security.HandlerSecurityTests.test_cross_thread_duplicate_causes_one_effect_and_safe_replays) ... ok
test_duplicate_keys_nonfinite_numbers_and_query_routes_are_rejected (tests.test_handler_security.HandlerSecurityTests.test_duplicate_keys_nonfinite_numbers_and_query_routes_are_rejected) ... ok
test_hash_mismatch_blocks_without_writing_payload (tests.test_handler_security.HandlerSecurityTests.test_hash_mismatch_blocks_without_writing_payload) ... ok
test_identical_authorized_replay_is_idempotent (tests.test_handler_security.HandlerSecurityTests.test_identical_authorized_replay_is_idempotent) ... ok
test_malformed_json_and_negative_content_length_are_rejected (tests.test_handler_security.HandlerSecurityTests.test_malformed_json_and_negative_content_length_are_rejected) ... ok
test_missing_and_expired_api_credentials_are_rejected (tests.test_handler_security.HandlerSecurityTests.test_missing_and_expired_api_credentials_are_rejected) ... ok
test_missing_explicit_effect_decision_is_rejected (tests.test_handler_security.HandlerSecurityTests.test_missing_explicit_effect_decision_is_rejected) ... ok
test_multiple_ingest_requests_and_stage_manifests_remain_append_only (tests.test_handler_security.HandlerSecurityTests.test_multiple_ingest_requests_and_stage_manifests_remain_append_only) ... ok
test_old_receipt_is_not_an_authorization_credential (tests.test_handler_security.HandlerSecurityTests.test_old_receipt_is_not_an_authorization_credential) ... ok
test_oversized_base64_is_rejected_before_decode_or_write (tests.test_handler_security.HandlerSecurityTests.test_oversized_base64_is_rejected_before_decode_or_write) ... ok
test_same_request_id_with_different_facts_is_isolated (tests.test_handler_security.HandlerSecurityTests.test_same_request_id_with_different_facts_is_isolated) ... ok
test_stage_isolates_tampered_sidecar_and_metadata (tests.test_handler_security.HandlerSecurityTests.test_stage_isolates_tampered_sidecar_and_metadata) ... ok
test_symlinked_intermediate_directory_cannot_escape_root (tests.test_handler_security.HandlerSecurityTests.test_symlinked_intermediate_directory_cannot_escape_root) ... ok
test_symlinked_target_is_isolated_without_external_write (tests.test_handler_security.HandlerSecurityTests.test_symlinked_target_is_isolated_without_external_write) ... ok
test_tampered_remote_attestation_is_isolated (tests.test_handler_security.HandlerSecurityTests.test_tampered_remote_attestation_is_isolated) ... ok
test_file_reader_rejects_symlinks_and_oversize (tests.test_api_client.ApiClientTests.test_file_reader_rejects_symlinks_and_oversize) ... ok
test_non_loopback_cleartext_endpoint_is_rejected_before_network (tests.test_api_client.ApiClientTests.test_non_loopback_cleartext_endpoint_is_rejected_before_network) ... ok
test_redirects_are_never_followed (tests.test_api_client.ApiClientTests.test_redirects_are_never_followed) ... ok
test_transport_failure_returns_blocking_exit_without_traceback (tests.test_api_client.ApiClientTests.test_transport_failure_returns_blocking_exit_without_traceback) ... ok

----------------------------------------------------------------------
Ran 21 tests in 2.969s

OK
PYTHONDONTWRITEBYTECODE=1 PYTHONNOUSERSITE=1 python3 -B -m unittest -v tests.test_license_transition
test_current_source_files_have_polyform_identifier (tests.test_license_transition.LicenseTransitionTests.test_current_source_files_have_polyform_identifier) ... ok
test_historical_apache_files_remain_explicit (tests.test_license_transition.LicenseTransitionTests.test_historical_apache_files_remain_explicit) ... ok
test_license_map_reserves_commercial_use_without_false_retroactivity (tests.test_license_transition.LicenseTransitionTests.test_license_map_reserves_commercial_use_without_false_retroactivity) ... ok
test_machine_readable_sources_and_transition_match (tests.test_license_transition.LicenseTransitionTests.test_machine_readable_sources_and_transition_match) ... ok
test_polyform_text_is_byte_exact (tests.test_license_transition.LicenseTransitionTests.test_polyform_text_is_byte_exact) ... ok

----------------------------------------------------------------------
Ran 5 tests in 0.003s

OK
PYTHONDONTWRITEBYTECODE=1 PYTHONNOUSERSITE=1 python3 -B -m unittest -v tests.test_seed_workflows
test_acceptance_is_transactional_and_counts_validation_failure (tests.test_seed_workflows.SeedWorkflowTests.test_acceptance_is_transactional_and_counts_validation_failure) ... ok
test_acceptance_writes_valid_bound_evidence_and_ledger (tests.test_seed_workflows.SeedWorkflowTests.test_acceptance_writes_valid_bound_evidence_and_ledger) ... ok
test_corrupt_ledger_blocks_before_registry_mutation (tests.test_seed_workflows.SeedWorkflowTests.test_corrupt_ledger_blocks_before_registry_mutation) ... ok
test_dashboard_and_audit_require_current_pass_revalidation (tests.test_seed_workflows.SeedWorkflowTests.test_dashboard_and_audit_require_current_pass_revalidation) ... ok
test_dashboard_build_binds_every_main_push_to_exact_head_artifact (tests.test_seed_workflows.SeedWorkflowTests.test_dashboard_build_binds_every_main_push_to_exact_head_artifact) ... ok
test_dashboard_continue_is_not_mislabelled_as_current_dashboard_evidence (tests.test_seed_workflows.SeedWorkflowTests.test_dashboard_continue_is_not_mislabelled_as_current_dashboard_evidence) ... ok
test_duplicate_json_keys_and_non_object_documents_are_rejected (tests.test_seed_workflows.SeedWorkflowTests.test_duplicate_json_keys_and_non_object_documents_are_rejected) ... ok
test_future_queue_node_requires_exact_workflow_executor_continuity_receipt (tests.test_seed_workflows.SeedWorkflowTests.test_future_queue_node_requires_exact_workflow_executor_continuity_receipt) ... ok
test_future_queue_node_without_continuity_declaration_is_blocked (tests.test_seed_workflows.SeedWorkflowTests.test_future_queue_node_without_continuity_declaration_is_blocked) ... ok
test_local_registry_symlink_is_rejected (tests.test_seed_workflows.SeedWorkflowTests.test_local_registry_symlink_is_rejected) ... ok
test_maintenance_uses_ttl_and_revalidates_remote_identity (tests.test_seed_workflows.SeedWorkflowTests.test_maintenance_uses_ttl_and_revalidates_remote_identity) ... ok
test_missing_ack_is_visible_and_never_reported_as_pass (tests.test_seed_workflows.SeedWorkflowTests.test_missing_ack_is_visible_and_never_reported_as_pass) ... ok
test_request_url_is_bound_to_declared_repository (tests.test_seed_workflows.SeedWorkflowTests.test_request_url_is_bound_to_declared_repository) ... ok
test_revalidation_detects_counter_tampering (tests.test_seed_workflows.SeedWorkflowTests.test_revalidation_detects_counter_tampering) ... ok
test_seed_workflows_are_pinned_read_only_and_do_not_push (tests.test_seed_workflows.SeedWorkflowTests.test_seed_workflows_are_pinned_read_only_and_do_not_push) ... ok
test_tsv_requires_exact_columns_explicit_policy_and_unique_guid (tests.test_seed_workflows.SeedWorkflowTests.test_tsv_requires_exact_columns_explicit_policy_and_unique_guid) ... ok

----------------------------------------------------------------------
Ran 16 tests in 0.257s

OK
python3 tests/test_tcpip_e2e.py
test_complete_api_flow_and_all_five_effect_states (__main__.TcpIpEndToEndTests.test_complete_api_flow_and_all_five_effect_states) ... ok

----------------------------------------------------------------------
Ran 1 test in 0.163s

OK
PYTHONDONTWRITEBYTECODE=1 PYTHONNOUSERSITE=1 python3 -B tests/test_cloud_carrier_live_sse_runtime.py -v
test_cloud_does_not_double_bind_terminal_relay (__main__.CloudCarrierLiveSseRuntime.test_cloud_does_not_double_bind_terminal_relay) ... ok
test_repaired_extension_consumes_same_event (__main__.CloudCarrierLiveSseRuntime.test_repaired_extension_consumes_same_event) ... ok
test_repaired_relay_is_present (__main__.CloudCarrierLiveSseRuntime.test_repaired_relay_is_present) ... ok
test_runtime_health_checks_live_relay (__main__.CloudCarrierLiveSseRuntime.test_runtime_health_checks_live_relay) ... ok
test_shared_terminal_owns_required_relay (__main__.CloudCarrierLiveSseRuntime.test_shared_terminal_owns_required_relay) ... ok
test_xpi_is_built_from_repository_extension (__main__.CloudCarrierLiveSseRuntime.test_xpi_is_built_from_repository_extension) ... ok
test_cold_journal_is_empty_private_and_restart_preserves_bytes (__main__.DurableLiveSseTransport.test_cold_journal_is_empty_private_and_restart_preserves_bytes) ... ok
test_live_appends_resume_and_unknown_cursor_over_real_http (__main__.DurableLiveSseTransport.test_live_appends_resume_and_unknown_cursor_over_real_http) ... ok
test_symlink_and_fifo_are_rejected_without_mutating_target (__main__.DurableLiveSseTransport.test_symlink_and_fifo_are_rejected_without_mutating_target) ... ok

----------------------------------------------------------------------
Ran 9 tests in 0.523s

OK
PYTHONDONTWRITEBYTECODE=1 PYTHONNOUSERSITE=1 python3 -B tests/test_temdd_event_ledger.py
test_ai_surface_and_subject_are_served (__main__.ProducerTests.test_ai_surface_and_subject_are_served) ... ok
test_browser_ide_is_local_editable_and_effect_free (__main__.ProducerTests.test_browser_ide_is_local_editable_and_effect_free) ... ok
test_browser_ide_parser_matches_reference_example_shape (__main__.ProducerTests.test_browser_ide_parser_matches_reference_example_shape) ... ok
test_cli_append_is_finite_and_returns_durable_readback (__main__.ProducerTests.test_cli_append_is_finite_and_returns_durable_readback) ... ok
test_commit_before_notification_failure_is_replayable (__main__.ProducerTests.test_commit_before_notification_failure_is_replayable) ... ok
test_concurrent_native_deliveries_have_distinct_monotonic_ids (__main__.ProducerTests.test_concurrent_native_deliveries_have_distinct_monotonic_ids) ... ok
test_consumer_validation_and_reconnect_state_machine (__main__.ProducerTests.test_consumer_validation_and_reconnect_state_machine) ... ok
test_copied_checkout_ignores_stat_cache_drift_but_not_byte_changes (__main__.ProducerTests.test_copied_checkout_ignores_stat_cache_drift_but_not_byte_changes) ... ok
test_dirty_checkout_is_unobservable (__main__.ProducerTests.test_dirty_checkout_is_unobservable) ... ok
test_disconnect_releases_observer_without_a_new_event (__main__.ProducerTests.test_disconnect_releases_observer_without_a_new_event) ... ok
test_durable_restart_and_monotonic_ids (__main__.ProducerTests.test_durable_restart_and_monotonic_ids) ... ok
test_foreign_origin_and_rebinding_host_are_rejected (__main__.ProducerTests.test_foreign_origin_and_rebinding_host_are_rejected) ... ok
test_idempotent_delivery_and_conflicting_native_id (__main__.ProducerTests.test_idempotent_delivery_and_conflicting_native_id) ... ok
test_invalid_http_cursor_and_browser_writes_fail_closed (__main__.ProducerTests.test_invalid_http_cursor_and_browser_writes_fail_closed) ... ok
test_legacy_effect_ack_remains_exact_bound_and_single_use (__main__.ProducerTests.test_legacy_effect_ack_remains_exact_bound_and_single_use) ... ok
test_malformed_and_oversized_ingress_rejected (__main__.ProducerTests.test_malformed_and_oversized_ingress_rejected) ... ok
test_real_socket_restart_preserves_replay (__main__.ProducerTests.test_real_socket_restart_preserves_replay) ... ok
test_real_socket_sse_disconnect_replay_and_header_precedence (__main__.ProducerTests.test_real_socket_sse_disconnect_replay_and_header_precedence) ... ok
test_repository_entrypoint_and_test_admission (__main__.ProducerTests.test_repository_entrypoint_and_test_admission) ... ok
test_runtime_head_mutation_invalidates_observers (__main__.ProducerTests.test_runtime_head_mutation_invalidates_observers) ... ok
test_storage_failure_never_publishes (__main__.ProducerTests.test_storage_failure_never_publishes) ... ok
test_store_has_exclusive_owner_and_private_ingress (__main__.ProducerTests.test_store_has_exclusive_owner_and_private_ingress) ... ok
test_successor_never_replays_predecessor_evidence (__main__.ProducerTests.test_successor_never_replays_predecessor_evidence) ... ok
test_tampered_readback_holds (__main__.ProducerTests.test_tampered_readback_holds) ... ok
test_unknown_foreign_and_future_cursors_hold (__main__.ProducerTests.test_unknown_foreign_and_future_cursors_hold) ... ok
test_wrong_head_tree_repository_and_pr_rejected (__main__.ProducerTests.test_wrong_head_tree_repository_and_pr_rejected) ... ok

----------------------------------------------------------------------
Ran 26 tests in 10.169s

OK
PYTHONDONTWRITEBYTECODE=1 PYTHONNOUSERSITE=1 python3 -B tests/test_machine_verifiable_science_charter.py
....
----------------------------------------------------------------------
Ran 4 tests in 0.001s

OK
PYTHONDONTWRITEBYTECODE=1 PYTHONNOUSERSITE=1 python3 -B tools/qikvrt_integrity.py verify
PASS verified 4450 classified entries and 4441 immutable digests
--- WORKTREE STATUS ---
--- INTEGRITY MANIFEST DELTA ---
added=[]
removed=[]
changed=[]
